
==================================================================================
1. TEST-SPLIT REQUIREMENTS
==================================================================================
Fake CSV rows: 4863
Deepfakes      : 70 mask videos
Face2Face      : 70 mask videos
FaceSwap       : 70 mask videos
NeuralTextures : 70 mask videos
TOTAL PAIR VIDEOS: 280

==================================================================================
2. EXTRACTING ALIGNED MASK PNGs
==================================================================================

[Deepfakes]
01/70 034_590   EXISTING
02/70 047_862   EXISTING
03/70 067_025   EXISTING
04/70 077_100   EXISTING
05/70 113_983   EXISTING
06/70 144_122   EXISTING
07/70 171_173   EXISTING
08/70 179_212   EXISTING
09/70 217_117   EXISTING
10/70 222_168   EXISTING
11/70 223_586   EXISTING
12/70 231_663   EXISTING
13/70 233_995   EXISTING
14/70 246_258   EXISTING
15/70 247_229   EXISTING
16/70 265_475   EXISTING
17/70 270_297   EXISTING
18/70 294_292   EXISTING
19/70 303_309   EXISTING
20/70 341_340   EXISTING
21/70 349_350   EXISTING
22/70 356_324   EXISTING
23/70 364_440   EXISTING
24/70 368_378   EXISTING
25/70 375_251   EXISTING
26/70 378_368   EXISTING
27/70 393_405   EXISTING
28/70 395_401   EXISTING
29/70 416_342   EXISTING
30/70 421_423   EXISTING
31/70 483_370   EXISTING
32/70 486_680   EXISTING
33/70 488_399   EXISTING
34/70 497_403   EXISTING
35/70 499_539   EXISTING
36/70 526_436   EXISTING
37/70 539_499   EXISTING
38/70 574_547   EXISTING
39/70 596_609   EXISTING
40/70 608_675   EXISTING
41/70 614_616   EXISTING
42/70 638_640   EXISTING
43/70 644_657   EXISTING
44/70 664_668   EXISTING
45/70 672_720   EXISTING
46/70 721_715   EXISTING
47/70 739_865   EXISTING
48/70 762_832   EXISTING
49/70 776_676   EXISTING
50/70 839_864   EXISTING
51/70 843_859   EXISTING
52/70 849_771   EXISTING
53/70 852_834   EXISTING
54/70 853_863   EXISTING
55/70 857_909   EXISTING
56/70 871_814   EXISTING
57/70 873_872   EXISTING
58/70 874_291   EXISTING
59/70 880_135   EXISTING
60/70 886_877   EXISTING
61/70 907_795   EXISTING
62/70 909_857   EXISTING
63/70 939_115   EXISTING
64/70 948_965   EXISTING
65/70 959_957   EXISTING
66/70 969_897   EXISTING
67/70 984_967   EXISTING
68/70 990_008   EXISTING
69/70 997_040   EXISTING
70/70 999_960   EXISTING

[Face2Face]
01/70 034_590   EXISTING
02/70 047_862   EXISTING
03/70 067_025   EXISTING
04/70 077_100   EXISTING
05/70 113_983   EXISTING
06/70 144_122   EXISTING
07/70 171_173   EXISTING
08/70 179_212   EXISTING
09/70 217_117   EXISTING
10/70 222_168   EXISTING
11/70 223_586   EXISTING
12/70 231_663   EXISTING
13/70 233_995   EXISTING
14/70 246_258   EXISTING
15/70 247_229   EXISTING
16/70 265_475   EXISTING
17/70 270_297   EXISTING
18/70 294_292   EXISTING
19/70 303_309   EXISTING
20/70 341_340   EXISTING
21/70 349_350   EXISTING
22/70 356_324   EXISTING
23/70 364_440   EXISTING
24/70 368_378   EXISTING
25/70 375_251   EXISTING
26/70 378_368   EXISTING
27/70 393_405   EXISTING
28/70 395_401   EXISTING
29/70 416_342   EXISTING
30/70 421_423   EXISTING
31/70 483_370   EXISTING
32/70 486_680   EXISTING
33/70 488_399   EXISTING
34/70 497_403   EXISTING
35/70 499_539   EXISTING
36/70 526_436   EXISTING
37/70 539_499   EXISTING
38/70 574_547   EXISTING
39/70 596_609   EXISTING
40/70 608_675   EXISTING
41/70 614_616   EXISTING
42/70 638_640   EXISTING
43/70 644_657   EXISTING
44/70 664_668   EXISTING
45/70 672_720   EXISTING
46/70 721_715   EXISTING
47/70 739_865   EXISTING
48/70 762_832   EXISTING
49/70 776_676   EXISTING
50/70 839_864   EXISTING
51/70 843_859   EXISTING
52/70 849_771   EXISTING
53/70 852_834   EXISTING
54/70 853_863   EXISTING
55/70 857_909   EXISTING
56/70 871_814   EXISTING
57/70 873_872   EXISTING
58/70 874_291   EXISTING
59/70 880_135   EXISTING
60/70 886_877   EXISTING
61/70 907_795   EXISTING
62/70 909_857   EXISTING
63/70 939_115   EXISTING
64/70 948_965   EXISTING
65/70 959_957   EXISTING
66/70 969_897   EXISTING
67/70 984_967   EXISTING
68/70 990_008   EXISTING
69/70 997_040   EXISTING
70/70 999_960   EXISTING

[FaceSwap]
01/70 034_590   EXISTING
02/70 047_862   EXISTING
03/70 067_025   EXISTING
04/70 077_100   EXISTING
05/70 113_983   EXISTING
06/70 144_122   EXISTING
07/70 171_173   EXISTING
08/70 179_212   EXISTING
09/70 217_117   EXISTING
10/70 222_168   EXISTING
11/70 223_586   EXISTING
12/70 231_663   EXISTING
13/70 233_995   EXISTING
14/70 246_258   EXISTING
15/70 247_229   EXISTING
16/70 265_475   EXISTING
17/70 270_297   EXISTING
18/70 294_292   EXISTING
19/70 303_309   EXISTING
20/70 341_340   EXISTING
21/70 349_350   EXISTING
22/70 356_324   EXISTING
23/70 364_440   EXISTING
24/70 368_378   EXISTING
25/70 375_251   EXISTING
26/70 378_368   EXISTING
27/70 393_405   EXISTING
28/70 395_401   EXISTING
29/70 416_342   EXISTING
30/70 421_423   EXISTING
31/70 483_370   EXISTING
32/70 486_680   EXISTING
33/70 488_399   EXISTING
34/70 497_403   EXISTING
35/70 499_539   EXISTING
36/70 526_436   EXISTING
37/70 539_499   EXISTING
38/70 574_547   EXISTING
39/70 596_609   EXISTING
40/70 608_675   EXISTING
41/70 614_616   EXISTING
42/70 638_640   EXISTING
43/70 644_657   EXISTING
44/70 664_668   EXISTING
45/70 672_720   EXISTING
46/70 721_715   EXISTING
47/70 739_865   EXISTING
48/70 762_832   EXISTING
49/70 776_676   EXISTING
50/70 839_864   EXISTING
51/70 843_859   EXISTING
52/70 849_771   EXISTING
53/70 852_834   EXISTING
54/70 853_863   EXISTING
55/70 857_909   EXISTING
56/70 871_814   EXISTING
57/70 873_872   EXISTING
58/70 874_291   EXISTING
59/70 880_135   EXISTING
60/70 886_877   EXISTING
61/70 907_795   EXISTING
62/70 909_857   EXISTING
63/70 939_115   EXISTING
64/70 948_965   EXISTING
65/70 959_957   EXISTING
66/70 969_897   EXISTING
67/70 984_967   EXISTING
68/70 990_008   EXISTING
69/70 997_040   EXISTING
70/70 999_960   EXISTING

[NeuralTextures]
01/70 034_590   EXISTING
02/70 047_862   EXISTING
03/70 067_025   EXISTING
04/70 077_100   EXISTING
05/70 113_983   EXISTING
06/70 144_122   EXISTING
07/70 171_173   EXISTING
08/70 179_212   EXISTING
09/70 217_117   EXISTING
10/70 222_168   EXISTING
11/70 223_586   EXISTING
12/70 231_663   EXISTING
13/70 233_995   EXISTING
14/70 246_258   EXISTING
15/70 247_229   EXISTING
16/70 265_475   EXISTING
17/70 270_297   EXISTING
18/70 294_292   EXISTING
19/70 303_309   EXISTING
20/70 341_340   EXISTING
21/70 349_350   EXISTING
22/70 356_324   EXISTING
23/70 364_440   EXISTING
24/70 368_378   EXISTING
25/70 375_251   EXISTING
26/70 378_368   EXISTING
27/70 393_405   EXISTING
28/70 395_401   EXISTING
29/70 416_342   EXISTING
30/70 421_423   EXISTING
31/70 483_370   EXISTING
32/70 486_680   EXISTING
33/70 488_399   EXISTING
34/70 497_403   EXISTING
35/70 499_539   EXISTING
36/70 526_436   EXISTING
37/70 539_499   EXISTING
38/70 574_547   EXISTING
39/70 596_609   EXISTING
40/70 608_675   EXISTING
41/70 614_616   EXISTING
42/70 638_640   EXISTING
43/70 644_657   EXISTING
44/70 664_668   EXISTING
45/70 672_720   EXISTING
46/70 721_715   EXISTING
47/70 739_865   EXISTING
48/70 762_832   EXISTING
49/70 776_676   EXISTING
50/70 839_864   EXISTING
51/70 843_859   EXISTING
52/70 849_771   EXISTING
53/70 852_834   EXISTING
54/70 853_863   EXISTING
55/70 857_909   EXISTING
56/70 871_814   EXISTING
57/70 873_872   EXISTING
58/70 874_291   EXISTING
59/70 880_135   EXISTING
60/70 886_877   EXISTING
61/70 907_795   EXISTING
62/70 909_857   EXISTING
63/70 939_115   EXISTING
64/70 948_965   EXISTING
65/70 959_957   EXISTING
66/70 969_897   EXISTING
67/70 984_967   EXISTING
68/70 990_008   EXISTING
69/70 997_040   EXISTING
70/70 999_960   EXISTING

Extracted pair dirs: 0
Already complete: 280

==================================================================================
3. BUILDING EXACT FORENSIC-GT FORENSIC_GT_MANIFEST
==================================================================================

==================================================================================
4. GENERATING GT-MASK QA OVERLAYS
==================================================================================
/scratch/sahil/projects/img_deepfake/datasets/ffpp/controlled_forensic_audit/qa_overlays/Deepfakes__356_324__0006.png
/scratch/sahil/projects/img_deepfake/datasets/ffpp/controlled_forensic_audit/qa_overlays/Deepfakes__356_324__0018.png
/scratch/sahil/projects/img_deepfake/datasets/ffpp/controlled_forensic_audit/qa_overlays/Deepfakes__356_324__0012.png
/scratch/sahil/projects/img_deepfake/datasets/ffpp/controlled_forensic_audit/qa_overlays/Deepfakes__356_324__0009.png
/scratch/sahil/projects/img_deepfake/datasets/ffpp/controlled_forensic_audit/qa_overlays/Face2Face__849_771__0002.png
/scratch/sahil/projects/img_deepfake/datasets/ffpp/controlled_forensic_audit/qa_overlays/Face2Face__849_771__0004.png
/scratch/sahil/projects/img_deepfake/datasets/ffpp/controlled_forensic_audit/qa_overlays/Face2Face__849_771__0001.png
/scratch/sahil/projects/img_deepfake/datasets/ffpp/controlled_forensic_audit/qa_overlays/Face2Face__849_771__0005.png
/scratch/sahil/projects/img_deepfake/datasets/ffpp/controlled_forensic_audit/qa_overlays/FaceSwap__356_324__0006.png
/scratch/sahil/projects/img_deepfake/datasets/ffpp/controlled_forensic_audit/qa_overlays/FaceSwap__356_324__0018.png
/scratch/sahil/projects/img_deepfake/datasets/ffpp/controlled_forensic_audit/qa_overlays/FaceSwap__356_324__0012.png
/scratch/sahil/projects/img_deepfake/datasets/ffpp/controlled_forensic_audit/qa_overlays/FaceSwap__356_324__0009.png
/scratch/sahil/projects/img_deepfake/datasets/ffpp/controlled_forensic_audit/qa_overlays/NeuralTextures__849_771__0002.png
/scratch/sahil/projects/img_deepfake/datasets/ffpp/controlled_forensic_audit/qa_overlays/NeuralTextures__849_771__0004.png
/scratch/sahil/projects/img_deepfake/datasets/ffpp/controlled_forensic_audit/qa_overlays/NeuralTextures__849_771__0001.png
/scratch/sahil/projects/img_deepfake/datasets/ffpp/controlled_forensic_audit/qa_overlays/NeuralTextures__849_771__0005.png

==================================================================================
5. FINAL FORENSIC-GT DATA AUDIT
==================================================================================
{
  "required_mask_videos": 280,
  "valid_manifest_samples": 4581,
  "excluded_samples": 282,
  "duplicate_samples": 0,
  "valid_by_method": {
    "Deepfakes": 1342,
    "Face2Face": 1075,
    "FaceSwap": 1089,
    "NeuralTextures": 1075
  },
  "excluded_by_reason": {
    "missing_exact_pristine": 230,
    "empty_gt_mask": 52
  },
  "mask_area": {
    "min": 3.2552083333333335e-06,
    "median": 0.027639973958333335,
    "mean": 0.03507358691446983,
    "max": 0.16591042154566746
  },
  "manifest": "/scratch/sahil/projects/img_deepfake/datasets/ffpp/controlled_forensic_audit/forensic_gt_manifest.csv",
  "excluded_csv": "/scratch/sahil/projects/img_deepfake/datasets/ffpp/controlled_forensic_audit/forensic_gt_excluded.csv",
  "qa_root": "/scratch/sahil/projects/img_deepfake/datasets/ffpp/controlled_forensic_audit/qa_overlays"
}

FORENSIC-GT DATA PREPARATION: PASS
Aligned official masks and exact fake/pristine pairs are ready for the controlled audit.
