
==================================================================================
1. TEST-SPLIT REQUIREMENTS
==================================================================================
Fake CSV rows: 4863
Deepfakes      : 70 mask videos
Face2Face      : 70 mask videos
FaceSwap       : 70 mask videos
NeuralTextures : 70 mask videos
TOTAL PAIR VIDEOS: 280

==================================================================================
2. EXTRACTING ALIGNED MASK PNGs
==================================================================================

[Deepfakes]
01/70 034_590   EXTRACTED
02/70 047_862   EXTRACTED
03/70 067_025   EXTRACTED
04/70 077_100   EXTRACTED
05/70 113_983   EXTRACTED
06/70 144_122   EXTRACTED
07/70 171_173   EXTRACTED
08/70 179_212   EXTRACTED
09/70 217_117   EXTRACTED
10/70 222_168   EXTRACTED
11/70 223_586   EXTRACTED
12/70 231_663   EXTRACTED
13/70 233_995   EXTRACTED
14/70 246_258   EXTRACTED
15/70 247_229   EXTRACTED
16/70 265_475   EXTRACTED
17/70 270_297   EXTRACTED
18/70 294_292   EXTRACTED
19/70 303_309   EXTRACTED
20/70 341_340   EXTRACTED
21/70 349_350   EXTRACTED
22/70 356_324   EXTRACTED
23/70 364_440   EXTRACTED
24/70 368_378   EXTRACTED
25/70 375_251   EXTRACTED
26/70 378_368   EXTRACTED
27/70 393_405   EXTRACTED
28/70 395_401   EXTRACTED
29/70 416_342   EXTRACTED
30/70 421_423   EXTRACTED
31/70 483_370   EXTRACTED
32/70 486_680   EXTRACTED
33/70 488_399   EXTRACTED
34/70 497_403   EXTRACTED
35/70 499_539   EXTRACTED
36/70 526_436   EXTRACTED
37/70 539_499   EXTRACTED
38/70 574_547   EXTRACTED
39/70 596_609   EXTRACTED
40/70 608_675   EXTRACTED
41/70 614_616   EXTRACTED
42/70 638_640   EXTRACTED
43/70 644_657   EXTRACTED
44/70 664_668   EXTRACTED
45/70 672_720   EXTRACTED
46/70 721_715   EXTRACTED
47/70 739_865   EXTRACTED
48/70 762_832   EXTRACTED
49/70 776_676   EXTRACTED
50/70 839_864   EXTRACTED
51/70 843_859   EXTRACTED
52/70 849_771   EXTRACTED
53/70 852_834   EXTRACTED
54/70 853_863   EXTRACTED
55/70 857_909   EXTRACTED
56/70 871_814   EXTRACTED
57/70 873_872   EXTRACTED
58/70 874_291   EXTRACTED
59/70 880_135   EXTRACTED
60/70 886_877   EXTRACTED
61/70 907_795   EXTRACTED
62/70 909_857   EXTRACTED
63/70 939_115   EXTRACTED
64/70 948_965   EXTRACTED
65/70 959_957   EXTRACTED
66/70 969_897   EXTRACTED
67/70 984_967   EXTRACTED
68/70 990_008   EXTRACTED
69/70 997_040   EXTRACTED
70/70 999_960   EXTRACTED

[Face2Face]
01/70 034_590   EXTRACTED
02/70 047_862   EXTRACTED
03/70 067_025   EXTRACTED
04/70 077_100   EXTRACTED
05/70 113_983   EXTRACTED
06/70 144_122   EXTRACTED
07/70 171_173   EXTRACTED
08/70 179_212   EXTRACTED
09/70 217_117   EXTRACTED
10/70 222_168   EXTRACTED
11/70 223_586   EXTRACTED
12/70 231_663   EXTRACTED
13/70 233_995   EXTRACTED
14/70 246_258   EXTRACTED
15/70 247_229   EXTRACTED
16/70 265_475   EXTRACTED
17/70 270_297   EXTRACTED
18/70 294_292   EXTRACTED
19/70 303_309   EXTRACTED
20/70 341_340   EXTRACTED
21/70 349_350   EXTRACTED
22/70 356_324   EXTRACTED
23/70 364_440   EXTRACTED
24/70 368_378   EXTRACTED
25/70 375_251   EXTRACTED
26/70 378_368   EXTRACTED
27/70 393_405   EXTRACTED
28/70 395_401   EXTRACTED
29/70 416_342   EXTRACTED
30/70 421_423   EXTRACTED
31/70 483_370   EXTRACTED
32/70 486_680   EXTRACTED
33/70 488_399   EXTRACTED
34/70 497_403   EXTRACTED
35/70 499_539   EXTRACTED
36/70 526_436   EXTRACTED
37/70 539_499   EXTRACTED
38/70 574_547   EXTRACTED
39/70 596_609   EXTRACTED
40/70 608_675   EXTRACTED
41/70 614_616   EXTRACTED
42/70 638_640   EXTRACTED
43/70 644_657   EXTRACTED
44/70 664_668   EXTRACTED
45/70 672_720   EXTRACTED
46/70 721_715   EXTRACTED
47/70 739_865   EXTRACTED
48/70 762_832   EXTRACTED
49/70 776_676   EXTRACTED
50/70 839_864   EXTRACTED
51/70 843_859   EXTRACTED
52/70 849_771   EXTRACTED
53/70 852_834   EXTRACTED
54/70 853_863   EXTRACTED
55/70 857_909   EXTRACTED
56/70 871_814   EXTRACTED
57/70 873_872   EXTRACTED
58/70 874_291   EXTRACTED
59/70 880_135   EXTRACTED
60/70 886_877   EXTRACTED
61/70 907_795   EXTRACTED
62/70 909_857   EXTRACTED
63/70 939_115   EXTRACTED
64/70 948_965   EXTRACTED
65/70 959_957   EXTRACTED
66/70 969_897   EXTRACTED
67/70 984_967   EXTRACTED
68/70 990_008   EXTRACTED
69/70 997_040   EXTRACTED
70/70 999_960   EXTRACTED

[FaceSwap]
01/70 034_590   EXTRACTED
02/70 047_862   EXTRACTED
03/70 067_025   EXTRACTED
04/70 077_100   EXTRACTED
05/70 113_983   EXTRACTED
06/70 144_122   EXTRACTED
07/70 171_173   EXTRACTED
08/70 179_212   EXTRACTED
09/70 217_117   EXTRACTED
10/70 222_168   EXTRACTED
11/70 223_586   EXTRACTED
12/70 231_663   EXTRACTED
13/70 233_995   EXTRACTED
14/70 246_258   EXTRACTED
15/70 247_229   EXTRACTED
16/70 265_475   EXTRACTED
17/70 270_297   EXTRACTED
18/70 294_292   EXTRACTED
19/70 303_309   EXTRACTED
20/70 341_340   EXTRACTED
21/70 349_350   EXTRACTED
22/70 356_324   EXTRACTED
23/70 364_440   EXTRACTED
24/70 368_378   EXTRACTED
25/70 375_251   EXTRACTED
26/70 378_368   EXTRACTED
27/70 393_405   EXTRACTED
28/70 395_401   EXTRACTED
29/70 416_342   EXTRACTED
30/70 421_423   EXTRACTED
31/70 483_370   EXTRACTED
32/70 486_680   EXTRACTED
33/70 488_399   EXTRACTED
34/70 497_403   EXTRACTED
35/70 499_539   EXTRACTED
36/70 526_436   EXTRACTED
37/70 539_499   EXTRACTED
38/70 574_547   EXTRACTED
39/70 596_609   EXTRACTED
40/70 608_675   EXTRACTED
41/70 614_616   EXTRACTED
42/70 638_640   EXTRACTED
43/70 644_657   EXTRACTED
44/70 664_668   EXTRACTED
45/70 672_720   EXTRACTED
46/70 721_715   EXTRACTED
47/70 739_865   EXTRACTED
48/70 762_832   EXTRACTED
49/70 776_676   EXTRACTED
50/70 839_864   EXTRACTED
51/70 843_859   EXTRACTED
52/70 849_771   EXTRACTED
53/70 852_834   EXTRACTED
54/70 853_863   EXTRACTED
55/70 857_909   EXTRACTED
56/70 871_814   EXTRACTED
57/70 873_872   EXTRACTED
58/70 874_291   EXTRACTED
59/70 880_135   EXTRACTED
60/70 886_877   EXTRACTED
61/70 907_795   EXTRACTED
62/70 909_857   EXTRACTED
63/70 939_115   EXTRACTED
64/70 948_965   EXTRACTED
65/70 959_957   EXTRACTED
66/70 969_897   EXTRACTED
67/70 984_967   EXTRACTED
68/70 990_008   EXTRACTED
69/70 997_040   EXTRACTED
70/70 999_960   EXTRACTED

[NeuralTextures]
01/70 034_590   EXTRACTED
02/70 047_862   EXTRACTED
03/70 067_025   EXTRACTED
04/70 077_100   EXTRACTED
05/70 113_983   EXTRACTED
06/70 144_122   EXTRACTED
07/70 171_173   EXTRACTED
08/70 179_212   EXTRACTED
09/70 217_117   EXTRACTED
10/70 222_168   EXTRACTED
11/70 223_586   EXTRACTED
12/70 231_663   EXTRACTED
13/70 233_995   EXTRACTED
14/70 246_258   EXTRACTED
15/70 247_229   EXTRACTED
16/70 265_475   EXTRACTED
17/70 270_297   EXTRACTED
18/70 294_292   EXTRACTED
19/70 303_309   EXTRACTED
20/70 341_340   EXTRACTED
21/70 349_350   EXTRACTED
22/70 356_324   EXTRACTED
23/70 364_440   EXTRACTED
24/70 368_378   EXTRACTED
25/70 375_251   EXTRACTED
26/70 378_368   EXTRACTED
27/70 393_405   EXTRACTED
28/70 395_401   EXTRACTED
29/70 416_342   EXTRACTED
30/70 421_423   EXTRACTED
31/70 483_370   EXTRACTED
32/70 486_680   EXTRACTED
33/70 488_399   EXTRACTED
34/70 497_403   EXTRACTED
35/70 499_539   EXTRACTED
36/70 526_436   EXTRACTED
37/70 539_499   EXTRACTED
38/70 574_547   EXTRACTED
39/70 596_609   EXTRACTED
40/70 608_675   EXTRACTED
41/70 614_616   EXTRACTED
42/70 638_640   EXTRACTED
43/70 644_657   EXTRACTED
44/70 664_668   EXTRACTED
45/70 672_720   EXTRACTED
46/70 721_715   EXTRACTED
47/70 739_865   EXTRACTED
48/70 762_832   EXTRACTED
49/70 776_676   EXTRACTED
50/70 839_864   EXTRACTED
51/70 843_859   EXTRACTED
52/70 849_771   EXTRACTED
53/70 852_834   EXTRACTED
54/70 853_863   EXTRACTED
55/70 857_909   EXTRACTED
56/70 871_814   EXTRACTED
57/70 873_872   EXTRACTED
58/70 874_291   EXTRACTED
59/70 880_135   EXTRACTED
60/70 886_877   EXTRACTED
61/70 907_795   EXTRACTED
62/70 909_857   EXTRACTED
63/70 939_115   EXTRACTED
64/70 948_965   EXTRACTED
65/70 959_957   EXTRACTED
66/70 969_897   EXTRACTED
67/70 984_967   EXTRACTED
68/70 990_008   EXTRACTED
69/70 997_040   EXTRACTED
70/70 999_960   EXTRACTED

Extracted pair dirs: 280
Already complete: 0

==================================================================================
3. BUILDING EXACT TABLE-1 MANIFEST
==================================================================================

==================================================================================
4. GENERATING GT-MASK QA OVERLAYS
==================================================================================
/scratch/sahil/projects/img_deepfake/datasets/ffpp/table1/qa_overlays/Deepfakes__356_324__0006.png
/scratch/sahil/projects/img_deepfake/datasets/ffpp/table1/qa_overlays/Deepfakes__356_324__0018.png
/scratch/sahil/projects/img_deepfake/datasets/ffpp/table1/qa_overlays/Deepfakes__356_324__0012.png
/scratch/sahil/projects/img_deepfake/datasets/ffpp/table1/qa_overlays/Deepfakes__356_324__0009.png
/scratch/sahil/projects/img_deepfake/datasets/ffpp/table1/qa_overlays/Face2Face__849_771__0002.png
/scratch/sahil/projects/img_deepfake/datasets/ffpp/table1/qa_overlays/Face2Face__849_771__0004.png
/scratch/sahil/projects/img_deepfake/datasets/ffpp/table1/qa_overlays/Face2Face__849_771__0001.png
/scratch/sahil/projects/img_deepfake/datasets/ffpp/table1/qa_overlays/Face2Face__849_771__0005.png
/scratch/sahil/projects/img_deepfake/datasets/ffpp/table1/qa_overlays/FaceSwap__356_324__0006.png
/scratch/sahil/projects/img_deepfake/datasets/ffpp/table1/qa_overlays/FaceSwap__356_324__0018.png
/scratch/sahil/projects/img_deepfake/datasets/ffpp/table1/qa_overlays/FaceSwap__356_324__0012.png
/scratch/sahil/projects/img_deepfake/datasets/ffpp/table1/qa_overlays/FaceSwap__356_324__0009.png
/scratch/sahil/projects/img_deepfake/datasets/ffpp/table1/qa_overlays/NeuralTextures__849_771__0002.png
/scratch/sahil/projects/img_deepfake/datasets/ffpp/table1/qa_overlays/NeuralTextures__849_771__0004.png
/scratch/sahil/projects/img_deepfake/datasets/ffpp/table1/qa_overlays/NeuralTextures__849_771__0001.png
/scratch/sahil/projects/img_deepfake/datasets/ffpp/table1/qa_overlays/NeuralTextures__849_771__0005.png

==================================================================================
5. FINAL TABLE-1 DATA AUDIT
==================================================================================
{
  "required_mask_videos": 280,
  "valid_manifest_samples": 4581,
  "excluded_samples": 282,
  "duplicate_samples": 0,
  "valid_by_method": {
    "Deepfakes": 1342,
    "Face2Face": 1075,
    "FaceSwap": 1089,
    "NeuralTextures": 1075
  },
  "excluded_by_reason": {
    "missing_exact_pristine": 230,
    "empty_gt_mask": 52
  },
  "mask_area": {
    "min": 3.2552083333333335e-06,
    "median": 0.027639973958333335,
    "mean": 0.03507358691446983,
    "max": 0.16591042154566746
  },
  "manifest": "/scratch/sahil/projects/img_deepfake/datasets/ffpp/table1/table1_manifest.csv",
  "excluded_csv": "/scratch/sahil/projects/img_deepfake/datasets/ffpp/table1/table1_excluded.csv",
  "qa_root": "/scratch/sahil/projects/img_deepfake/datasets/ffpp/table1/qa_overlays"
}

TABLE-1 DATA PREPARATION: PASS
Aligned official masks and exact fake/pristine pairs are ready for the controlled audit.
